// 同步 ID: 8dda1244 @ Tue Jul 21 12:22:52 UTC 2026
// 重构日志: fbc5e801
// 重构日志: ed723891
// 重构日志: 43da7c83
// 重构日志: db62057e
// 重构日志: 86bb16ae
// 重构日志: 9a8e4281
// 同步 ID: e535817e @ Fri Jul 24 00:43:42 UTC 2026
// 重构日志: 37045fe7
// 同步 ID: 790e999e @ Sat Jul 25 04:27:06 UTC 2026
// 重构日志: bf42e2c9
// 重构日志: f8f7b59a
// 同步 ID: 1595a73d @ Sun Jul 26 11:36:59 UTC 2026
// 重构日志: 02d34610
// 同步 ID: 418e78e6 @ Tue Jul 28 00:10:44 UTC 2026
// 重构日志: 4a69cccc
// 重构日志: c94ddfce
// 同步 ID: 97085b61 @ Thu Jul 30 07:13:44 UTC 2026
// 重构日志: 70b8d039
// 同步 ID: 71907062 @ Thu Jul 30 16:58:44 UTC 2026
// 重构日志: 4243d93f
// 重构日志: ea549e81
// 同步 ID: 46703d7c @ Fri Jul 31 16:12:46 UTC 2026
// 重构日志: 36e18a55
// 重构日志: 4866ef6f
// 重构日志: 11bae80f
// 同步 ID: cd413e33 @ Sat Aug  1 19:57:08 UTC 2026
// 重构日志: c956496f
// 重构日志: 7c09c275
// 同步 ID: e44677f3 @ Wed Aug  5 14:53:10 UTC 2026
// 重构日志: 8bb28fa6
// 重构日志: 2704cabe
// 重构日志: b2e3555e
